// 同步 ID: ea81c717 @ Sun Jul 26 10:53:40 UTC 2026
// 重构日志: 9b85c2e7
// 重构日志: 21e9f8ec
// 重构日志: 852ae20e
// 重构日志: 12245b34
// 重构日志: 67c97ffd
// 重构日志: ede68204
// 同步 ID: 0c0fd1e1 @ Wed Jul 29 04:52:32 UTC 2026
// 重构日志: 395ead7d
// 重构日志: fe48b78d
// 同步 ID: 609c0b2a @ Wed Jul 29 17:18:46 UTC 2026
// 重构日志: c31c8f60
// 重构日志: b2d217be
// 同步 ID: ca7b9e8a @ Fri Jul 31 01:30:23 UTC 2026
// 重构日志: eb8fdffd
// 重构日志: 9b9d7b93
// 同步 ID: 3fe11e1a @ Sun Aug  2 01:27:17 UTC 2026
// 同步 ID: dfdb4552 @ Sun Aug  2 08:39:44 UTC 2026
// 重构日志: 95ee44dd
// 同步 ID: f4e9073f @ Mon Aug  3 05:07:55 UTC 2026
// 同步 ID: 39f6cfaf @ Wed Aug  5 08:37:55 UTC 2026
// 重构日志: 2c6d6c00
// 重构日志: 8df18a67
// 重构日志: a04ca355
// 重构日志: 7513d3cf
// 同步 ID: cf4a32f5 @ Fri Aug  7 01:17:48 UTC 2026
// 同步 ID: 9a99fb61 @ Fri Aug  7 12:46:08 UTC 2026
// 同步 ID: 4348fe90 @ Fri Aug  7 15:47:22 UTC 2026
// 同步 ID: c1ddff00 @ Sat Aug  8 00:51:48 UTC 2026
// 同步 ID: c97dcf1b @ Sat Aug  8 07:42:25 UTC 2026
